
Optional file libmchp_peripheral.a not found

Optional file libmchp_peripheral_32MX250F128D.a not found
Archive member included to satisfy reference by file (symbol)

c:/program files/microchip/xc32/v4.21/bin/bin/../../lib/gcc/pic32mx/8.3.1/../../../../pic32mx/lib\libpic32.a(default-on-reset.o)
                              C:\Users\hp\AppData\Local\Temp\ccSLtdLD.o (_on_reset)
c:/program files/microchip/xc32/v4.21/bin/bin/../../lib/gcc/pic32mx/8.3.1/../../../../pic32mx/lib\libpic32.a(default-on-bootstrap.o)
                              C:\Users\hp\AppData\Local\Temp\ccSLtdLD.o (_on_bootstrap)
c:/program files/microchip/xc32/v4.21/bin/bin/../../lib/gcc/pic32mx/8.3.1/../../../../pic32mx/lib\libpic32.a(default-nmi-handler.o)
                              C:\Users\hp\AppData\Local\Temp\ccSLtdLD.o (_nmi_handler)
c:/program files/microchip/xc32/v4.21/bin/bin/../../lib/gcc/pic32mx/8.3.1/../../../../pic32mx/lib\libpic32.a(pic32_data_init_wrapper.o)
                              C:\Users\hp\AppData\Local\Temp\ccSLtdLD.o (__pic32_data_init)
c:/program files/microchip/xc32/v4.21/bin/bin/../../lib/gcc/pic32mx/8.3.1/../../../../pic32mx/lib\libpic32.a(pic32_data_init_0_1.o)
                              (__copy_needed)
c:/program files/microchip/xc32/v4.21/bin/bin/../../lib/gcc/pic32mx/8.3.1/../../../../pic32mx/lib\libpic32.a(general-exception.o)
                              C:\Users\hp\AppData\Local\Temp\ccSLtdLD.o (_general_exception_context)
c:/program files/microchip/xc32/v4.21/bin/bin/../../lib/gcc/pic32mx/8.3.1/../../../../pic32mx/lib\libpic32.a(vector0.o)
                              C:\Users\hp\AppData\Local\Temp\ccMDgPja.o (__vector_dispatch_0)
c:/program files/microchip/xc32/v4.21/bin/bin/../../lib/gcc/pic32mx/8.3.1/../../../../pic32mx/lib\libpic32.a(vector1.o)
                              C:\Users\hp\AppData\Local\Temp\ccMDgPja.o (__vector_dispatch_1)
c:/program files/microchip/xc32/v4.21/bin/bin/../../lib/gcc/pic32mx/8.3.1/../../../../pic32mx/lib\libpic32.a(vector2.o)
                              C:\Users\hp\AppData\Local\Temp\ccMDgPja.o (__vector_dispatch_2)
c:/program files/microchip/xc32/v4.21/bin/bin/../../lib/gcc/pic32mx/8.3.1/../../../../pic32mx/lib\libpic32.a(vector3.o)
                              C:\Users\hp\AppData\Local\Temp\ccMDgPja.o (__vector_dispatch_3)
c:/program files/microchip/xc32/v4.21/bin/bin/../../lib/gcc/pic32mx/8.3.1/../../../../pic32mx/lib\libpic32.a(vector4.o)
                              C:\Users\hp\AppData\Local\Temp\ccMDgPja.o (__vector_dispatch_4)
c:/program files/microchip/xc32/v4.21/bin/bin/../../lib/gcc/pic32mx/8.3.1/../../../../pic32mx/lib\libpic32.a(vector5.o)
                              C:\Users\hp\AppData\Local\Temp\ccMDgPja.o (__vector_dispatch_5)
c:/program files/microchip/xc32/v4.21/bin/bin/../../lib/gcc/pic32mx/8.3.1/../../../../pic32mx/lib\libpic32.a(vector6.o)
                              C:\Users\hp\AppData\Local\Temp\ccMDgPja.o (__vector_dispatch_6)
c:/program files/microchip/xc32/v4.21/bin/bin/../../lib/gcc/pic32mx/8.3.1/../../../../pic32mx/lib\libpic32.a(vector7.o)
                              C:\Users\hp\AppData\Local\Temp\ccMDgPja.o (__vector_dispatch_7)
c:/program files/microchip/xc32/v4.21/bin/bin/../../lib/gcc/pic32mx/8.3.1/../../../../pic32mx/lib\libpic32.a(vector8.o)
                              C:\Users\hp\AppData\Local\Temp\ccMDgPja.o (__vector_dispatch_8)
c:/program files/microchip/xc32/v4.21/bin/bin/../../lib/gcc/pic32mx/8.3.1/../../../../pic32mx/lib\libpic32.a(vector9.o)
                              C:\Users\hp\AppData\Local\Temp\ccMDgPja.o (__vector_dispatch_9)
c:/program files/microchip/xc32/v4.21/bin/bin/../../lib/gcc/pic32mx/8.3.1/../../../../pic32mx/lib\libpic32.a(vector10.o)
                              C:\Users\hp\AppData\Local\Temp\ccMDgPja.o (__vector_dispatch_10)
c:/program files/microchip/xc32/v4.21/bin/bin/../../lib/gcc/pic32mx/8.3.1/../../../../pic32mx/lib\libpic32.a(vector11.o)
                              C:\Users\hp\AppData\Local\Temp\ccMDgPja.o (__vector_dispatch_11)
c:/program files/microchip/xc32/v4.21/bin/bin/../../lib/gcc/pic32mx/8.3.1/../../../../pic32mx/lib\libpic32.a(vector12.o)
                              C:\Users\hp\AppData\Local\Temp\ccMDgPja.o (__vector_dispatch_12)
c:/program files/microchip/xc32/v4.21/bin/bin/../../lib/gcc/pic32mx/8.3.1/../../../../pic32mx/lib\libpic32.a(vector13.o)
                              C:\Users\hp\AppData\Local\Temp\ccMDgPja.o (__vector_dispatch_13)
c:/program files/microchip/xc32/v4.21/bin/bin/../../lib/gcc/pic32mx/8.3.1/../../../../pic32mx/lib\libpic32.a(vector14.o)
                              C:\Users\hp\AppData\Local\Temp\ccMDgPja.o (__vector_dispatch_14)
c:/program files/microchip/xc32/v4.21/bin/bin/../../lib/gcc/pic32mx/8.3.1/../../../../pic32mx/lib\libpic32.a(vector15.o)
                              C:\Users\hp\AppData\Local\Temp\ccMDgPja.o (__vector_dispatch_15)
[...]
Memory Configuration

Name             Origin             Length             Attributes
kseg0_program_mem 0x000000009d000000 0x000000000001f000 xr
exception_mem    0x000000009d01f000 0x0000000000001000
debug_exec_mem   0x000000009fc00490 0x0000000000000760
kseg0_boot_mem   0x000000009fc00490 0x0000000000000000
kseg1_boot_mem   0x00000000bfc00000 0x0000000000000490
config3          0x00000000bfc00bf0 0x0000000000000004
config2          0x00000000bfc00bf4 0x0000000000000004
config1          0x00000000bfc00bf8 0x0000000000000004
config0          0x00000000bfc00bfc 0x0000000000000004
kseg1_data_mem   0x00000000a0000000 0x0000000000008000 w !x
sfrs             0x00000000bf800000 0x0000000000100000
configsfrs       0x00000000bfc00bf0 0x0000000000000010
*default*        0x0000000000000000 0xffffffffffffffff

Linker script and memory map

LOAD c:/program files/microchip/xc32/v4.21/bin/bin/../../lib/gcc/pic32mx/8.3.1/../../../../pic32mx/lib\debug-exception-return.o
LOAD build/default/production/_ext/60165520/plib_clk.o
LOAD build/default/production/_ext/1249264884/plib_coretimer.o
LOAD build/default/production/_ext/1865200349/plib_evic.o
LOAD build/default/production/_ext/1865254177/plib_gpio.o
LOAD build/default/production/_ext/298189674/plib_spi1_master.o
LOAD build/default/production/_ext/1865657120/plib_uart1.o
LOAD build/default/production/_ext/163028504/xc32_monitor.o
LOAD build/default/production/_ext/1171490990/interrupts.o
LOAD build/default/production/_ext/1171490990/exceptions.o
LOAD build/default/production/_ext/1171490990/initialization.o
LOAD build/default/production/_ext/1360937237/main.o
                0x0000000000000001                __MPLAB_BUILD = 0x1
                0x0000000000000400                PROVIDE (_min_stack_size = 0x400)
START GROUP
LOAD libmchp_peripheral.a
END GROUP
START GROUP
LOAD libmchp_peripheral_32MX250F128D.a
END GROUP
                0x0000000000000001                PROVIDE (_vector_spacing = 0x1)
                0x000000009d01f000                PROVIDE (_ebase_address = 0x9d01f000)
                0x00000000bfc00000                _RESET_ADDR = 0xbfc00000
                0x00000000bfc00380                _BEV_EXCPT_ADDR = 0xbfc00380
                0x00000000bfc00480                _DBG_EXCPT_ADDR = 0xbfc00480
                0x000000009fc00490                _DBG_CODE_ADDR = 0x9fc00490
                0x0000000000000760                _DBG_CODE_SIZE = 0x760
                0x000000009d01f180                _GEN_EXCPT_ADDR = (_ebase_address + 0x180)

.config_BFC00BF0
 *(.config_BFC00BF0)

.config_BFC00BF4
 *(.config_BFC00BF4)

.config_BFC00BF8
 *(.config_BFC00BF8)

.config_BFC00BFC
 *(.config_BFC00BFC)

.reset          0x00000000bfc00000      0x178
 *(.reset)
 .reset         0x00000000bfc00000        0x8 C:\Users\hp\AppData\Local\Temp\ccSLtdLD.o
                0x00000000bfc00000                _reset
 *(.reset.startup)
 .reset.startup
                0x00000000bfc00008      0x170 C:\Users\hp\AppData\Local\Temp\ccSLtdLD.o
                0x00000000bfc00008                _startup

.bev_excpt      0x00000000bfc00380       0x10
 *(.bev_handler)
 .bev_handler   0x00000000bfc00380       0x10 C:\Users\hp\AppData\Local\Temp\ccSLtdLD.o

.dbg_excpt      0x00000000bfc00480        0x0
                0x00000000bfc00480                . = (. + DEFINED (_DEBUGGER)?0x8:0x0)

.dbg_code       0x000000009fc00490        0x0
                0x000000009fc00490                . = (. + DEFINED (_DEBUGGER)?_DBG_CODE_SIZE:0x0)

.app_excpt      0x000000009d01f180       0x10
 *(.gen_handler)
 .gen_handler   0x000000009d01f180       0x10 C:\Users\hp\AppData\Local\Temp\ccSLtdLD.o

.vector_0       0x000000009d01f200        0x8
 *(.vector_0)
 .vector_0      0x000000009d01f200        0x8 c:/program files/microchip/xc32/v4.21/bin/bin/../../lib/gcc/pic32mx/8.3.1/../../../../pic32mx/lib\libpic32.a(vector0.o)
                0x000000009d01f200                __vector_dispatch_0
                0x0000000000000001                ASSERT (((_vector_spacing == 0x0) || (SIZEOF (.vector_0) <= (_vector_spacing << 0x5))), function at exception vector 0 too large)

.vector_1       0x000000009d01f220        0x8
 *(.vector_1)
 .vector_1      0x000000009d01f220        0x8 c:/program files/microchip/xc32/v4.21/bin/bin/../../lib/gcc/pic32mx/8.3.1/../../../../pic32mx/lib\libpic32.a(vector1.o)
                0x000000009d01f220                __vector_dispatch_1
                0x0000000000000001                ASSERT (((_vector_spacing == 0x0) || (SIZEOF (.vector_1) <= (_vector_spacing << 0x5))), function at exception vector 1 too large)

.vector_2       0x000000009d01f240        0x8
 *(.vector_2)
 .vector_2      0x000000009d01f240        0x8 c:/program files/microchip/xc32/v4.21/bin/bin/../../lib/gcc/pic32mx/8.3.1/../../../../pic32mx/lib\libpic32.a(vector2.o)
                0x000000009d01f240                __vector_dispatch_2
                0x0000000000000001                ASSERT (((_vector_spacing == 0x0) || (SIZEOF (.vector_2) <= (_vector_spacing << 0x5))), function at exception vector 2 too large)

.vector_3       0x000000009d01f260        0x8
 *(.vector_3)
 .vector_3      0x000000009d01f260        0x8 c:/program files/microchip/xc32/v4.21/bin/bin/../../lib/gcc/pic32mx/8.3.1/../../../../pic32mx/lib\libpic32.a(vector3.o)
                0x000000009d01f260                __vector_dispatch_3
                0x0000000000000001                ASSERT (((_vector_spacing == 0x0) || (SIZEOF (.vector_3) <= (_vector_spacing << 0x5))), function at exception vector 3 too large)

.vector_4       0x000000009d01f280        0x8
 *(.vector_4)
 .vector_4      0x000000009d01f280        0x8 c:/program files/microchip/xc32/v4.21/bin/bin/../../lib/gcc/pic32mx/8.3.1/../../../../pic32mx/lib\libpic32.a(vector4.o)
                0x000000009d01f280                __vector_dispatch_4
                0x0000000000000001                ASSERT (((_vector_spacing == 0x0) || (SIZEOF (.vector_4) <= (_vector_spacing << 0x5))), function at exception vector 4 too large)

.vector_5       0x000000009d01f2a0        0x8
 *(.vector_5)
 .vector_5      0x000000009d01f2a0        0x8 c:/program files/microchip/xc32/v4.21/bin/bin/../../lib/gcc/pic32mx/8.3.1/../../../../pic32mx/lib\libpic32.a(vector5.o)
                0x000000009d01f2a0                __vector_dispatch_5
                0x0000000000000001                ASSERT (((_vector_spacing == 0x0) || (SIZEOF (.vector_5) <= (_vector_spacing << 0x5))), function at exception vector 5 too large)

.vector_6       0x000000009d01f2c0        0x8
 *(.vector_6)
 .vector_6      0x000000009d01f2c0        0x8 c:/program files/microchip/xc32/v4.21/bin/bin/../../lib/gcc/pic32mx/8.3.1/../../../../pic32mx/lib\libpic32.a(vector6.o)
                0x000000009d01f2c0                __vector_dispatch_6
                0x0000000000000001                ASSERT (((_vector_spacing == 0x0) || (SIZEOF (.vector_6) <= (_vector_spacing << 0x5))), function at exception vector 6 too large)

.vector_7       0x000000009d01f2e0        0x8
 *(.vector_7)
 .vector_7      0x000000009d01f2e0        0x8 c:/program files/microchip/xc32/v4.21/bin/bin/../../lib/gcc/pic32mx/8.3.1/../../../../pic32mx/lib\libpic32.a(vector7.o)
                0x000000009d01f2e0                __vector_dispatch_7
                0x0000000000000001                ASSERT (((_vector_spacing == 0x0) || (SIZEOF (.vector_7) <= (_vector_spacing << 0x5))), function at exception vector 7 too large)

.vector_8       0x000000009d01f300        0x8
 *(.vector_8)
 .vector_8      0x000000009d01f300        0x8 c:/program files/microchip/xc32/v4.21/bin/bin/../../lib/gcc/pic32mx/8.3.1/../../../../pic32mx/lib\libpic32.a(vector8.o)
                0x000000009d01f300                __vector_dispatch_8
                0x0000000000000001                ASSERT (((_vector_spacing == 0x0) || (SIZEOF (.vector_8) <= (_vector_spacing << 0x5))), function at exception vector 8 too large)

.vector_9       0x000000009d01f320        0x8
 *(.vector_9)
 .vector_9      0x000000009d01f320        0x8 c:/program files/microchip/xc32/v4.21/bin/bin/../../lib/gcc/pic32mx/8.3.1/../../../../pic32mx/lib\libpic32.a(vector9.o)
                0x000000009d01f320                __vector_dispatch_9
                0x0000000000000001                ASSERT (((_vector_spacing == 0x0) || (SIZEOF (.vector_9) <= (_vector_spacing << 0x5))), function at exception vector 9 too large)

.vector_10      0x000000009d01f340        0x8
 *(.vector_10)
 .vector_10     0x000000009d01f340        0x8 c:/program files/microchip/xc32/v4.21/bin/bin/../../lib/gcc/pic32mx/8.3.1/../../../../pic32mx/lib\libpic32.a(vector10.o)
                0x000000009d01f340                __vector_dispatch_10
                0x0000000000000001                ASSERT (((_vector_spacing == 0x0) || (SIZEOF (.vector_10) <= (_vector_spacing << 0x5))), function at exception vector 10 too large)

.vector_11      0x000000009d01f360        0x8
 *(.vector_11)
 .vector_11     0x000000009d01f360        0x8 c:/program files/microchip/xc32/v4.21/bin/bin/../../lib/gcc/pic32mx/8.3.1/../../../../pic32mx/lib\libpic32.a(vector11.o)
                0x000000009d01f360                __vector_dispatch_11
                0x0000000000000001                ASSERT (((_vector_spacing == 0x0) || (SIZEOF (.vector_11) <= (_vector_spacing << 0x5))), function at exception vector 11 too large)

.vector_12      0x000000009d01f380        0x8
 *(.vector_12)
 .vector_12     0x000000009d01f380        0x8 c:/program files/microchip/xc32/v4.21/bin/bin/../../lib/gcc/pic32mx/8.3.1/../../../../pic32mx/lib\libpic32.a(vector12.o)
                0x000000009d01f380                __vector_dispatch_12
                0x0000000000000001                ASSERT (((_vector_spacing == 0x0) || (SIZEOF (.vector_12) <= (_vector_spacing << 0x5))), function at exception vector 12 too large)

.vector_13      0x000000009d01f3a0        0x8
 *(.vector_13)
 .vector_13     0x000000009d01f3a0        0x8 c:/program files/microchip/xc32/v4.21/bin/bin/../../lib/gcc/pic32mx/8.3.1/../../../../pic32mx/lib\libpic32.a(vector13.o)
                0x000000009d01f3a0                __vector_dispatch_13
                0x0000000000000001                ASSERT (((_vector_spacing == 0x0) || (SIZEOF (.vector_13) <= (_vector_spacing << 0x5))), function at exception vector 13 too large)

.vector_14      0x000000009d01f3c0        0x8
 *(.vector_14)
 .vector_14     0x000000009d01f3c0        0x8 c:/program files/microchip/xc32/v4.21/bin/bin/../../lib/gcc/pic32mx/8.3.1/../../../../pic32mx/lib\libpic32.a(vector14.o)
                0x000000009d01f3c0                __vector_dispatch_14
                0x0000000000000001                ASSERT (((_vector_spacing == 0x0) || (SIZEOF (.vector_14) <= (_vector_spacing << 0x5))), function at exception vector 14 too large)

.vector_15      0x000000009d01f3e0        0x8
 *(.vector_15)
 .vector_15     0x000000009d01f3e0        0x8 c:/program files/microchip/xc32/v4.21/bin/bin/../../lib/gcc/pic32mx/8.3.1/../../../../pic32mx/lib\libpic32.a(vector15.o)
                0x000000009d01f3e0                __vector_dispatch_15
                0x0000000000000001                ASSERT (((_vector_spacing == 0x0) || (SIZEOF (.vector_15) <= (_vector_spacing << 0x5))), function at exception vector 15 too large)

.vector_16      0x000000009d01f400        0x8
 *(.vector_16)
 .vector_16     0x000000009d01f400        0x8 c:/program files/microchip/xc32/v4.21/bin/bin/../../lib/gcc/pic32mx/8.3.1/../../../../pic32mx/lib\libpic32.a(vector16.o)
                0x000000009d01f400                __vector_dispatch_16
                0x0000000000000001                ASSERT (((_vector_spacing == 0x0) || (SIZEOF (.vector_16) <= (_vector_spacing << 0x5))), function at exception vector 16 too large)

.vector_17      0x000000009d01f420        0x8
 *(.vector_17)
 .vector_17     0x000000009d01f420        0x8 c:/program files/microchip/xc32/v4.21/bin/bin/../../lib/gcc/pic32mx/8.3.1/../../../../pic32mx/lib\libpic32.a(vector17.o)
                0x000000009d01f420                __vector_dispatch_17
                0x0000000000000001                ASSERT (((_vector_spacing == 0x0) || (SIZEOF (.vector_17) <= (_vector_spacing << 0x5))), function at exception vector 17 too large)

.vector_18      0x000000009d01f440        0x8
 *(.vector_18)
 .vector_18     0x000000009d01f440        0x8 c:/program files/microchip/xc32/v4.21/bin/bin/../../lib/gcc/pic32mx/8.3.1/../../../../pic32mx/lib\libpic32.a(vector18.o)
                0x000000009d01f440                __vector_dispatch_18
                0x0000000000000001                ASSERT (((_vector_spacing == 0x0) || (SIZEOF (.vector_18) <= (_vector_spacing << 0x5))), function at exception vector 18 too large)

.vector_19      0x000000009d01f460        0x8
 *(.vector_19)
 .vector_19     0x000000009d01f460        0x8 c:/program files/microchip/xc32/v4.21/bin/bin/../../lib/gcc/pic32mx/8.3.1/../../../../pic32mx/lib\libpic32.a(vector19.o)
                0x000000009d01f460                __vector_dispatch_19
                0x0000000000000001                ASSERT (((_vector_spacing == 0x0) || (SIZEOF (.vector_19) <= (_vector_spacing << 0x5))), function at exception vector 19 too large)

.vector_20      0x000000009d01f480        0x8
 *(.vector_20)
 .vector_20     0x000000009d01f480        0x8 c:/program files/microchip/xc32/v4.21/bin/bin/../../lib/gcc/pic32mx/8.3.1/../../../../pic32mx/lib\libpic32.a(vector20.o)
                0x000000009d01f480                __vector_dispatch_20
                0x0000000000000001                ASSERT (((_vector_spacing == 0x0) || (SIZEOF (.vector_20) <= (_vector_spacing << 0x5))), function at exception vector 20 too large)

.vector_21      0x000000009d01f4a0        0x8
 *(.vector_21)
 .vector_21     0x000000009d01f4a0        0x8 c:/program files/microchip/xc32/v4.21/bin/bin/../../lib/gcc/pic32mx/8.3.1/../../../../pic32mx/lib\libpic32.a(vector21.o)
                0x000000009d01f4a0                __vector_dispatch_21
                0x0000000000000001                ASSERT (((_vector_spacing == 0x0) || (SIZEOF (.vector_21) <= (_vector_spacing << 0x5))), function at exception vector 21 too large)

.vector_22      0x000000009d01f4c0        0x8
 *(.vector_22)
 .vector_22     0x000000009d01f4c0        0x8 c:/program files/microchip/xc32/v4.21/bin/bin/../../lib/gcc/pic32mx/8.3.1/../../../../pic32mx/lib\libpic32.a(vector22.o)
                0x000000009d01f4c0                __vector_dispatch_22
                0x0000000000000001                ASSERT (((_vector_spacing == 0x0) || (SIZEOF (.vector_22) <= (_vector_spacing << 0x5))), function at exception vector 22 too large)

.vector_23      0x000000009d01f4e0        0x8
 *(.vector_23)
 .vector_23     0x000000009d01f4e0        0x8 c:/program files/microchip/xc32/v4.21/bin/bin/../../lib/gcc/pic32mx/8.3.1/../../../../pic32mx/lib\libpic32.a(vector23.o)
                0x000000009d01f4e0                __vector_dispatch_23
                0x0000000000000001                ASSERT (((_vector_spacing == 0x0) || (SIZEOF (.vector_23) <= (_vector_spacing << 0x5))), function at exception vector 23 too large)

.vector_24      0x000000009d01f500        0x8
 *(.vector_24)
 .vector_24     0x000000009d01f500        0x8 c:/program files/microchip/xc32/v4.21/bin/bin/../../lib/gcc/pic32mx/8.3.1/../../../../pic32mx/lib\libpic32.a(vector24.o)
                0x000000009d01f500                __vector_dispatch_24
                0x0000000000000001                ASSERT (((_vector_spacing == 0x0) || (SIZEOF (.vector_24) <= (_vector_spacing << 0x5))), function at exception vector 24 too large)

.vector_25      0x000000009d01f520        0x8
 *(.vector_25)
 .vector_25     0x000000009d01f520        0x8 c:/program files/microchip/xc32/v4.21/bin/bin/../../lib/gcc/pic32mx/8.3.1/../../../../pic32mx/lib\libpic32.a(vector25.o)
                0x000000009d01f520                __vector_dispatch_25
                0x0000000000000001                ASSERT (((_vector_spacing == 0x0) || (SIZEOF (.vector_25) <= (_vector_spacing << 0x5))), function at exception vector 25 too large)

.vector_26      0x000000009d01f540        0x8
 *(.vector_26)
 .vector_26     0x000000009d01f540        0x8 c:/program files/microchip/xc32/v4.21/bin/bin/../../lib/gcc/pic32mx/8.3.1/../../../../pic32mx/lib\libpic32.a(vector26.o)
                0x000000009d01f540                __vector_dispatch_26
                0x0000000000000001                ASSERT (((_vector_spacing == 0x0) || (SIZEOF (.vector_26) <= (_vector_spacing << 0x5))), function at exception vector 26 too large)

.vector_27      0x000000009d01f560        0x8
 *(.vector_27)
 .vector_27     0x000000009d01f560        0x8 c:/program files/microchip/xc32/v4.21/bin/bin/../../lib/gcc/pic32mx/8.3.1/../../../../pic32mx/lib\libpic32.a(vector27.o)
                0x000000009d01f560                __vector_dispatch_27
                0x0000000000000001                ASSERT (((_vector_spacing == 0x0) || (SIZEOF (.vector_27) <= (_vector_spacing << 0x5))), function at exception vector 27 too large)

.vector_28      0x000000009d01f580        0x8
 *(.vector_28)
 .vector_28     0x000000009d01f580        0x8 c:/program files/microchip/xc32/v4.21/bin/bin/../../lib/gcc/pic32mx/8.3.1/../../../../pic32mx/lib\libpic32.a(vector28.o)
                0x000000009d01f580                __vector_dispatch_28
                0x0000000000000001                ASSERT (((_vector_spacing == 0x0) || (SIZEOF (.vector_28) <= (_vector_spacing << 0x5))), function at exception vector 28 too large)

.vector_29      0x000000009d01f5a0        0x8
 *(.vector_29)
 .vector_29     0x000000009d01f5a0        0x8 c:/program files/microchip/xc32/v4.21/bin/bin/../../lib/gcc/pic32mx/8.3.1/../../../../pic32mx/lib\libpic32.a(vector29.o)
                0x000000009d01f5a0                __vector_dispatch_29
                0x0000000000000001                ASSERT (((_vector_spacing == 0x0) || (SIZEOF (.vector_29) <= (_vector_spacing << 0x5))), function at exception vector 29 too large)

.vector_30      0x000000009d01f5c0        0x8
 *(.vector_30)
 .vector_30     0x000000009d01f5c0        0x8 c:/program files/microchip/xc32/v4.21/bin/bin/../../lib/gcc/pic32mx/8.3.1/../../../../pic32mx/lib\libpic32.a(vector30.o)
                0x000000009d01f5c0                __vector_dispatch_30
                0x0000000000000001                ASSERT (((_vector_spacing == 0x0) || (SIZEOF (.vector_30) <= (_vector_spacing << 0x5))), function at exception vector 30 too large)

.vector_31      0x000000009d01f5e0        0x8
 *(.vector_31)
 .vector_31     0x000000009d01f5e0        0x8 build/default/production/_ext/1171490990/interrupts.o
                0x000000009d01f5e0                __vector_dispatch_31
                0x0000000000000001                ASSERT (((_vector_spacing == 0x0) || (SIZEOF (.vector_31) <= (_vector_spacing << 0x5))), function at exception vector 31 too large)

.vector_32      0x000000009d01f600        0x8
 *(.vector_32)
 .vector_32     0x000000009d01f600        0x8 build/default/production/_ext/1171490990/interrupts.o
                0x000000009d01f600                __vector_dispatch_32
                0x0000000000000001                ASSERT (((_vector_spacing == 0x0) || (SIZEOF (.vector_32) <= (_vector_spacing << 0x5))), function at exception vector 32 too large)

.vector_33      0x000000009d01f620        0x8
 *(.vector_33)
 .vector_33     0x000000009d01f620        0x8 c:/program files/microchip/xc32/v4.21/bin/bin/../../lib/gcc/pic32mx/8.3.1/../../../../pic32mx/lib\libpic32.a(vector33.o)
                0x000000009d01f620                __vector_dispatch_33
                0x0000000000000001                ASSERT (((_vector_spacing == 0x0) || (SIZEOF (.vector_33) <= (_vector_spacing << 0x5))), function at exception vector 33 too large)

.vector_34      0x000000009d01f640        0x8
 *(.vector_34)
 .vector_34     0x000000009d01f640        0x8 c:/program files/microchip/xc32/v4.21/bin/bin/../../lib/gcc/pic32mx/8.3.1/../../../../pic32mx/lib\libpic32.a(vector34.o)
                0x000000009d01f640                __vector_dispatch_34
                0x0000000000000001                ASSERT (((_vector_spacing == 0x0) || (SIZEOF (.vector_34) <= (_vector_spacing << 0x5))), function at exception vector 34 too large)

.vector_35      0x000000009d01f660        0x8
 *(.vector_35)
 .vector_35     0x000000009d01f660        0x8 c:/program files/microchip/xc32/v4.21/bin/bin/../../lib/gcc/pic32mx/8.3.1/../../../../pic32mx/lib\libpic32.a(vector35.o)
                0x000000009d01f660                __vector_dispatch_35
                0x0000000000000001                ASSERT (((_vector_spacing == 0x0) || (SIZEOF (.vector_35) <= (_vector_spacing << 0x5))), function at exception vector 35 too large)

.vector_36      0x000000009d01f680        0x8
 *(.vector_36)
 .vector_36     0x000000009d01f680        0x8 c:/program files/microchip/xc32/v4.21/bin/bin/../../lib/gcc/pic32mx/8.3.1/../../../../pic32mx/lib\libpic32.a(vector36.o)
                0x000000009d01f680                __vector_dispatch_36
                0x0000000000000001                ASSERT (((_vector_spacing == 0x0) || (SIZEOF (.vector_36) <= (_vector_spacing << 0x5))), function at exception vector 36 too large)

.vector_37      0x000000009d01f6a0        0x8
 *(.vector_37)
 .vector_37     0x000000009d01f6a0        0x8 c:/program files/microchip/xc32/v4.21/bin/bin/../../lib/gcc/pic32mx/8.3.1/../../../../pic32mx/lib\libpic32.a(vector37.o)
                0x000000009d01f6a0                __vector_dispatch_37
                0x0000000000000001                ASSERT (((_vector_spacing == 0x0) || (SIZEOF (.vector_37) <= (_vector_spacing << 0x5))), function at exception vector 37 too large)

.vector_38      0x000000009d01f6c0        0x8
 *(.vector_38)
 .vector_38     0x000000009d01f6c0        0x8 c:/program files/microchip/xc32/v4.21/bin/bin/../../lib/gcc/pic32mx/8.3.1/../../../../pic32mx/lib\libpic32.a(vector38.o)
                0x000000009d01f6c0                __vector_dispatch_38
                0x0000000000000001                ASSERT (((_vector_spacing == 0x0) || (SIZEOF (.vector_38) <= (_vector_spacing << 0x5))), function at exception vector 38 too large)

.vector_39      0x000000009d01f6e0        0x8
 *(.vector_39)
 .vector_39     0x000000009d01f6e0        0x8 c:/program files/microchip/xc32/v4.21/bin/bin/../../lib/gcc/pic32mx/8.3.1/../../../../pic32mx/lib\libpic32.a(vector39.o)
                0x000000009d01f6e0                __vector_dispatch_39
                0x0000000000000001                ASSERT (((_vector_spacing == 0x0) || (SIZEOF (.vector_39) <= (_vector_spacing << 0x5))), function at exception vector 39 too large)

.vector_40      0x000000009d01f700        0x8
 *(.vector_40)
 .vector_40     0x000000009d01f700        0x8 c:/program files/microchip/xc32/v4.21/bin/bin/../../lib/gcc/pic32mx/8.3.1/../../../../pic32mx/lib\libpic32.a(vector40.o)
                0x000000009d01f700                __vector_dispatch_40
                0x0000000000000001                ASSERT (((_vector_spacing == 0x0) || (SIZEOF (.vector_40) <= (_vector_spacing << 0x5))), function at exception vector 40 too large)

.vector_41      0x000000009d01f720        0x8
 *(.vector_41)
 .vector_41     0x000000009d01f720        0x8 c:/program files/microchip/xc32/v4.21/bin/bin/../../lib/gcc/pic32mx/8.3.1/../../../../pic32mx/lib\libpic32.a(vector41.o)
                0x000000009d01f720                __vector_dispatch_41
                0x0000000000000001                ASSERT (((_vector_spacing == 0x0) || (SIZEOF (.vector_41) <= (_vector_spacing << 0x5))), function at exception vector 41 too large)

.vector_42      0x000000009d01f740        0x8
 *(.vector_42)
 .vector_42     0x000000009d01f740        0x8 c:/program files/microchip/xc32/v4.21/bin/bin/../../lib/gcc/pic32mx/8.3.1/../../../../pic32mx/lib\libpic32.a(vector42.o)
                0x000000009d01f740                __vector_dispatch_42
                0x0000000000000001                ASSERT (((_vector_spacing == 0x0) || (SIZEOF (.vector_42) <= (_vector_spacing << 0x5))), function at exception vector 42 too large)

.vector_43      0x000000009d01f760        0x8
 *(.vector_43)
 .vector_43     0x000000009d01f760        0x8 c:/program files/microchip/xc32/v4.21/bin/bin/../../lib/gcc/pic32mx/8.3.1/../../../../pic32mx/lib\libpic32.a(vector43.o)
                0x000000009d01f760                __vector_dispatch_43
                0x0000000000000001                ASSERT (((_vector_spacing == 0x0) || (SIZEOF (.vector_43) <= (_vector_spacing << 0x5))), function at exception vector 43 too large)

.vector_44      0x000000009d01f780        0x0
 *(.vector_44)
                0x0000000000000001                ASSERT (((_vector_spacing == 0x0) || (SIZEOF (.vector_44) <= (_vector_spacing << 0x5))), function at exception vector 44 too large)

.vector_45      0x000000009d01f7a0        0x0
 *(.vector_45)
                0x0000000000000001                ASSERT (((_vector_spacing == 0x0) || (SIZEOF (.vector_45) <= (_vector_spacing << 0x5))), function at exception vector 45 too large)

.vector_46      0x000000009d01f7c0        0x0
 *(.vector_46)
                0x0000000000000001                ASSERT (((_vector_spacing == 0x0) || (SIZEOF (.vector_46) <= (_vector_spacing << 0x5))), function at exception vector 46 too large)

.vector_47      0x000000009d01f7e0        0x0
 *(.vector_47)
                0x0000000000000001                ASSERT (((_vector_spacing == 0x0) || (SIZEOF (.vector_47) <= (_vector_spacing << 0x5))), function at exception vector 47 too large)

.vector_48      0x000000009d01f800        0x0
 *(.vector_48)
                0x0000000000000001                ASSERT (((_vector_spacing == 0x0) || (SIZEOF (.vector_48) <= (_vector_spacing << 0x5))), function at exception vector 48 too large)

.vector_49      0x000000009d01f820        0x0
 *(.vector_49)
                0x0000000000000001                ASSERT (((_vector_spacing == 0x0) || (SIZEOF (.vector_49) <= (_vector_spacing << 0x5))), function at exception vector 49 too large)

.vector_50      0x000000009d01f840        0x0
 *(.vector_50)
                0x0000000000000001                ASSERT (((_vector_spacing == 0x0) || (SIZEOF (.vector_50) <= (_vector_spacing << 0x5))), function at exception vector 50 too large)

.vector_51      0x000000009d01f860        0x0
 *(.vector_51)
                0x0000000000000001                ASSERT (((_vector_spacing == 0x0) || (SIZEOF (.vector_51) <= (_vector_spacing << 0x5))), function at exception vector 51 too large)

.vector_52      0x000000009d01f880        0x0
 *(.vector_52)
                0x0000000000000001                ASSERT (((_vector_spacing == 0x0) || (SIZEOF (.vector_52) <= (_vector_spacing << 0x5))), function at exception vector 52 too large)

.vector_53      0x000000009d01f8a0        0x0
 *(.vector_53)
                0x0000000000000001                ASSERT (((_vector_spacing == 0x0) || (SIZEOF (.vector_53) <= (_vector_spacing << 0x5))), function at exception vector 53 too large)

.vector_54      0x000000009d01f8c0        0x0
 *(.vector_54)
                0x0000000000000001                ASSERT (((_vector_spacing == 0x0) || (SIZEOF (.vector_54) <= (_vector_spacing << 0x5))), function at exception vector 54 too large)

.vector_55      0x000000009d01f8e0        0x0
 *(.vector_55)
                0x0000000000000001                ASSERT (((_vector_spacing == 0x0) || (SIZEOF (.vector_55) <= (_vector_spacing << 0x5))), function at exception vector 55 too large)

.vector_56      0x000000009d01f900        0x0
 *(.vector_56)
                0x0000000000000001                ASSERT (((_vector_spacing == 0x0) || (SIZEOF (.vector_56) <= (_vector_spacing << 0x5))), function at exception vector 56 too large)

.vector_57      0x000000009d01f920        0x0
 *(.vector_57)
                0x0000000000000001                ASSERT (((_vector_spacing == 0x0) || (SIZEOF (.vector_57) <= (_vector_spacing << 0x5))), function at exception vector 57 too large)

.vector_58      0x000000009d01f940        0x0
 *(.vector_58)
                0x0000000000000001                ASSERT (((_vector_spacing == 0x0) || (SIZEOF (.vector_58) <= (_vector_spacing << 0x5))), function at exception vector 58 too large)

.vector_59      0x000000009d01f960        0x0
 *(.vector_59)
                0x0000000000000001                ASSERT (((_vector_spacing == 0x0) || (SIZEOF (.vector_59) <= (_vector_spacing << 0x5))), function at exception vector 59 too large)

.vector_60      0x000000009d01f980        0x0
 *(.vector_60)
                0x0000000000000001                ASSERT (((_vector_spacing == 0x0) || (SIZEOF (.vector_60) <= (_vector_spacing << 0x5))), function at exception vector 60 too large)

.vector_61      0x000000009d01f9a0        0x0
 *(.vector_61)
                0x0000000000000001                ASSERT (((_vector_spacing == 0x0) || (SIZEOF (.vector_61) <= (_vector_spacing << 0x5))), function at exception vector 61 too large)

.vector_62      0x000000009d01f9c0        0x0
 *(.vector_62)
                0x0000000000000001                ASSERT (((_vector_spacing == 0x0) || (SIZEOF (.vector_62) <= (_vector_spacing << 0x5))), function at exception vector 62 too large)

.vector_63      0x000000009d01f9e0        0x0
 *(.vector_63)
                0x0000000000000001                ASSERT (((_vector_spacing == 0x0) || (SIZEOF (.vector_63) <= (_vector_spacing << 0x5))), function at exception vector 63 too large)

.startup
 *(.startup)

.text           0x000000009d000000        0x0
 *(.stub .gnu.linkonce.t.*)
 *(.text.*personality*)
 *(.mips16.fn.*)
 *(.mips16.call.*)
 *(.gnu.warning)
                0x000000009d000000                . = ALIGN (0x4)

.init           0x000000009d000000        0x0
 *crti.o(.init)
 *crtbegin.o(.init)
 *(EXCLUDE_FILE(*crtn.o *crtend?.o *crtend.o) .init)
 *crtend.o(.init)
 *crtn.o(.init)
                0x000000009d000000                . = ALIGN (0x4)

.fini           0x000000009d000000        0x0
 *(.fini)
                0x000000009d000000                . = ALIGN (0x4)

.preinit_array  0x000000009d000000        0x0
                [!provide]                        PROVIDE (__preinit_array_start = .)
 *(.preinit_array)
                [!provide]                        PROVIDE (__preinit_array_end = .)
                0x000000009d000000                . = ALIGN (0x4)

.init_array     0x000000009d000000        0x0
                [!provide]                        PROVIDE (__init_array_start = .)
 *(SORT_BY_NAME(.init_array.*))
 *(.init_array)
                [!provide]                        PROVIDE (__init_array_end = .)
                0x000000009d000000                . = ALIGN (0x4)

.fini_array     0x000000009d000000        0x0
                [!provide]                        PROVIDE (__fini_array_start = .)
 *(SORT_BY_NAME(.fini_array.*))
 *(.fini_array)
                [!provide]                        PROVIDE (__fini_array_end = .)
                0x000000009d000000                . = ALIGN (0x4)

.ctors          0x000000009d000000        0x0
 *crtbegin.o(.ctors)
 *crtbegin?.o(.ctors)
 *(EXCLUDE_FILE(*crtend?.o *crtend.o) .ctors)
 *(SORT_BY_NAME(.ctors.*))
 *(.ctors)
                0x000000009d000000                . = ALIGN (0x4)

.dtors          0x000000009d000000        0x0
 *crtbegin.o(.dtors)
 *crtbegin?.o(.dtors)
 *(EXCLUDE_FILE(*crtend?.o *crtend.o) .dtors)
 *(SORT_BY_NAME(.dtors.*))
 *(.dtors)
                0x000000009d000000                . = ALIGN (0x4)

.rodata         0x000000009d000000        0x0
 *(.gnu.linkonce.r.*)
 *(.rodata1)
                0x000000009d000000                . = ALIGN (0x4)

.sdata2         0x000000009d000000        0x0
 *(.sdata2 .sdata2.* .gnu.linkonce.s2.*)
                0x000000009d000000                . = ALIGN (0x4)

.sbss2          0x000000009d000000        0x0
 *(.sbss2 .sbss2.* .gnu.linkonce.sb2.*)
                0x000000009d000000                . = ALIGN (0x4)

.eh_frame_hdr
 *(.eh_frame_hdr)
                0x000000009d000000                . = ALIGN (0x4)

.eh_frame
 *(.eh_frame)
                0x000000009d000000                . = ALIGN (0x4)

.gcc_except_table
 *(.gcc_except_table .gcc_except_table.*)
                0x000000009d000000                . = ALIGN (0x4)

.dbg_data       0x00000000a0000000        0x0
                0x00000000a0000000                . = (. + DEFINED (_DEBUGGER)?0x200:0x0)

.jcr            0x00000000a0000000        0x0
 *(.jcr)
                0x00000000a0000000                . = ALIGN (0x4)

.eh_frame
 *(.eh_frame)
                0x00000000a0000000                . = ALIGN (0x4)

.gcc_except_table
 *(.gcc_except_table .gcc_except_table.*)
                0x00000000a0000000                . = ALIGN (0x4)

.persist        0x00000000a0000000        0x0
                0x00000000a0000000                _persist_begin = .
 *(.persist .persist.*)
                0x00000000a0000000                . = ALIGN (0x4)
                0x00000000a0000000                _persist_end = .

.data           0x00000000a0000000        0x0
 *(.gnu.linkonce.d.*)
 *(.data1)
                0x00000000a0000000                . = ALIGN (0x4)
                0x00000000a0000000                . = .
                0x00000000a0007ff0                _gp = (ALIGN (0x10) + 0x7ff0)

.got            0x00000000a0000000        0x0
 *(.got.plt)
 *(.got)
                0x00000000a0000000                . = ALIGN (0x4)

.sdata          0x00000000a0000000        0x4
                0x00000000a0000000                _sdata_begin = .
 *(.sdata .sdata.* .gnu.linkonce.s.*)
 .sdata.compareValue
                0x00000000a0000000        0x4 build/default/production/_ext/1249264884/plib_coretimer.o
                0x00000000a0000004                . = ALIGN (0x4)
                0x00000000a0000004                _sdata_end = .

.lit8
 *(.lit8)

.lit4
 *(.lit4)
                0x00000000a0000004                . = ALIGN (0x4)
                0x00000000a0000004                _data_end = .
                0x00000000a0000004                _bss_begin = .

.sbss           0x00000000a0000004        0x0
                0x00000000a0000004                _sbss_begin = .
 *(.dynsbss)
 *(.sbss .sbss.* .gnu.linkonce.sb.*)
 *(.scommon)
                0x00000000a0000004                _sbss_end = .
                0x00000000a0000004                . = ALIGN (0x4)

.bss            0x00000000a0000004        0x0
 *(.dynbss)
 *(COMMON)
                0x00000000a0000004                . = ALIGN ((. != 0x0)?0x4:0x1)
                0x00000000a0000004                . = ALIGN (0x4)
                0x00000000a0000004                _end = .
                0x00000000a0000004                _bss_end = .
                0x0000000000008000                _bmxdudba_address = LENGTH (kseg1_data_mem)
                0x0000000000008000                _bmxdupba_address = LENGTH (kseg1_data_mem)

/DISCARD/
 *(.pdr)
 *(.rel.dyn)
 *(.note.GNU-stack)
 *(.note.GNU-stack)
 *(.gnu_debuglink)
 *(.gnu.lto_*)
 *(.discard)

.gptab.sdata
 *(.gptab.data)
 *(.gptab.sdata)

.gptab.sbss
 *(.gptab.bss)
 *(.gptab.sbss)

.mdebug.abi32   0x0000000000000000        0x0
 *(.mdebug.abi32)
 .mdebug.abi32  0x0000000000000000        0x0 build/default/production/_ext/60165520/plib_clk.o
 .mdebug.abi32  0x0000000000000000        0x0 build/default/production/_ext/1249264884/plib_coretimer.o
 .mdebug.abi32  0x0000000000000000        0x0 build/default/production/_ext/1865200349/plib_evic.o
 .mdebug.abi32  0x0000000000000000        0x0 build/default/production/_ext/1865254177/plib_gpio.o
 .mdebug.abi32  0x0000000000000000        0x0 build/default/production/_ext/298189674/plib_spi1_master.o
 .mdebug.abi32  0x0000000000000000        0x0 build/default/production/_ext/1865657120/plib_uart1.o
 .mdebug.abi32  0x0000000000000000        0x0 build/default/production/_ext/163028504/xc32_monitor.o
 .mdebug.abi32  0x0000000000000000        0x0 build/default/production/_ext/1171490990/interrupts.o
 .mdebug.abi32  0x0000000000000000        0x0 build/default/production/_ext/1171490990/exceptions.o
 .mdebug.abi32  0x0000000000000000        0x0 build/default/production/_ext/1171490990/initialization.o
 .mdebug.abi32  0x0000000000000000        0x0 build/default/production/_ext/1360937237/main.o
 .mdebug.abi32  0x0000000000000000        0x0 c:/program files/microchip/xc32/v4.21/bin/bin/../../lib/gcc/pic32mx/8.3.1/../../../../pic32mx/lib\libpic32.a(default-on-reset.o)
 .mdebug.abi32  0x0000000000000000        0x0 c:/program files/microchip/xc32/v4.21/bin/bin/../../lib/gcc/pic32mx/8.3.1/../../../../pic32mx/lib\libpic32.a(default-on-bootstrap.o)
 .mdebug.abi32  0x0000000000000000        0x0 c:/program files/microchip/xc32/v4.21/bin/bin/../../lib/gcc/pic32mx/8.3.1/../../../../pic32mx/lib\libpic32.a(defaultinterrupt.o)

.mdebug.abiN32
 *(.mdebug.abiN32)

.mdebug.abi64
 *(.mdebug.abi64)

.mdebug.abiO64
 *(.mdebug.abiO64)

.mdebug.eabi32
 *(.mdebug.eabi32)

.mdebug.eabi64
 *(.mdebug.eabi64)

.gcc_compiled_long32
 *(.gcc_compiled_long32)

.gcc_compiled_long64
 *(.gcc_compiled_long64)

.stab
 *(.stab)

.stabstr
 *(.stabstr)

.stab.excl
 *(.stab.excl)

.stab.exclstr
 *(.stab.exclstr)

.stab.index
 *(.stab.index)

.stab.indexstr
 *(.stab.indexstr)

.comment        0x0000000000000000       0x2b
 *(.comment)
 .comment       0x0000000000000000       0x2b build/default/production/_ext/60165520/plib_clk.o
                                         0x2c (size before relaxing)
 .comment       0x000000000000002b       0x2c build/default/production/_ext/1249264884/plib_coretimer.o
 .comment       0x000000000000002b       0x2c build/default/production/_ext/1865200349/plib_evic.o
 .comment       0x000000000000002b       0x2c build/default/production/_ext/1865254177/plib_gpio.o
 .comment       0x000000000000002b       0x2c build/default/production/_ext/298189674/plib_spi1_master.o
 .comment       0x000000000000002b       0x2c build/default/production/_ext/1865657120/plib_uart1.o
 .comment       0x000000000000002b       0x2c build/default/production/_ext/163028504/xc32_monitor.o
 .comment       0x000000000000002b       0x2c build/default/production/_ext/1171490990/interrupts.o
 .comment       0x000000000000002b       0x2c build/default/production/_ext/1171490990/exceptions.o
 .comment       0x000000000000002b       0x2c build/default/production/_ext/1171490990/initialization.o
 .comment       0x000000000000002b       0x2c build/default/production/_ext/1360937237/main.o
 .comment       0x000000000000002b       0x2c c:/program files/microchip/xc32/v4.21/bin/bin/../../lib/gcc/pic32mx/8.3.1/../../../../pic32mx/lib\libpic32.a(default-on-reset.o)
 .comment       0x000000000000002b       0x2c c:/program files/microchip/xc32/v4.21/bin/bin/../../lib/gcc/pic32mx/8.3.1/../../../../pic32mx/lib\libpic32.a(default-on-bootstrap.o)
 .comment       0x000000000000002b       0x2c c:/program files/microchip/xc32/v4.21/bin/bin/../../lib/gcc/pic32mx/8.3.1/../../../../pic32mx/lib\libpic32.a(defaultinterrupt.o)

.debug
 *.elf(.debug)
 *(.debug)

.line
 *.elf(.line)
 *(.line)

.debug_srcinfo
 *.elf(.debug_srcinfo)
 *(.debug_srcinfo)

.debug_sfnames
 *.elf(.debug_sfnames)
 *(.debug_sfnames)

.debug_aranges  0x0000000000000000      0x388
 *.elf(.debug_aranges)
 *(.debug_aranges)
 .debug_aranges
                0x0000000000000000       0x20 build/default/production/_ext/60165520/plib_clk.o
 .debug_aranges
                0x0000000000000020       0x60 build/default/production/_ext/1249264884/plib_coretimer.o
 .debug_aranges
                0x0000000000000080       0x68 build/default/production/_ext/1865200349/plib_evic.o
 .debug_aranges
                0x00000000000000e8       0x60 build/default/production/_ext/1865254177/plib_gpio.o
 .debug_aranges
                0x0000000000000148       0x70 build/default/production/_ext/298189674/plib_spi1_master.o
 .debug_aranges
                0x00000000000001b8       0xb8 build/default/production/_ext/1865657120/plib_uart1.o
 .debug_aranges
                0x0000000000000270       0x28 build/default/production/_ext/163028504/xc32_monitor.o
 .debug_aranges
                0x0000000000000298       0x28 build/default/production/_ext/1171490990/interrupts.o
 .debug_aranges
                0x00000000000002c0       0x28 build/default/production/_ext/1171490990/exceptions.o
 .debug_aranges
                0x00000000000002e8       0x20 build/default/production/_ext/1171490990/initialization.o
 .debug_aranges
                0x0000000000000308       0x20 build/default/production/_ext/1360937237/main.o
 .debug_aranges
                0x0000000000000328       0x20 c:/program files/microchip/xc32/v4.21/bin/bin/../../lib/gcc/pic32mx/8.3.1/../../../../pic32mx/lib\libpic32.a(default-on-reset.o)
 .debug_aranges
                0x0000000000000348       0x20 c:/program files/microchip/xc32/v4.21/bin/bin/../../lib/gcc/pic32mx/8.3.1/../../../../pic32mx/lib\libpic32.a(default-on-bootstrap.o)
 .debug_aranges
                0x0000000000000368       0x20 c:/program files/microchip/xc32/v4.21/bin/bin/../../lib/gcc/pic32mx/8.3.1/../../../../pic32mx/lib\libpic32.a(defaultinterrupt.o)

.debug_pubnames
 *.elf(.debug_pubnames)
 *(.debug_pubnames)

.debug_info     0x0000000000000000     0x26e9
 *.elf(.debug_info .gnu.linkonce.wi.*)
 *(.debug_info .gnu.linkonce.wi.*)
 .debug_info    0x0000000000000000      0x106 build/default/production/_ext/60165520/plib_clk.o
 .debug_info    0x0000000000000106      0x509 build/default/production/_ext/1249264884/plib_coretimer.o
 .debug_info    0x000000000000060f      0x33f build/default/production/_ext/1865200349/plib_evic.o
 .debug_info    0x000000000000094e      0x39d build/default/production/_ext/1865254177/plib_gpio.o
 .debug_info    0x0000000000000ceb      0x71f build/default/production/_ext/298189674/plib_spi1_master.o
 .debug_info    0x000000000000140a      0x835 build/default/production/_ext/1865657120/plib_uart1.o
 .debug_info    0x0000000000001c3f       0xe7 build/default/production/_ext/163028504/xc32_monitor.o
 .debug_info    0x0000000000001d26       0xee build/default/production/_ext/1171490990/interrupts.o
 .debug_info    0x0000000000001e14       0xdd build/default/production/_ext/1171490990/exceptions.o
 .debug_info    0x0000000000001ef1      0x24c build/default/production/_ext/1171490990/initialization.o
 .debug_info    0x000000000000213d      0x4ee build/default/production/_ext/1360937237/main.o
 .debug_info    0x000000000000262b       0x3f c:/program files/microchip/xc32/v4.21/bin/bin/../../lib/gcc/pic32mx/8.3.1/../../../../pic32mx/lib\libpic32.a(default-on-reset.o)
 .debug_info    0x000000000000266a       0x3f c:/program files/microchip/xc32/v4.21/bin/bin/../../lib/gcc/pic32mx/8.3.1/../../../../pic32mx/lib\libpic32.a(default-on-bootstrap.o)
 .debug_info    0x00000000000026a9       0x40 c:/program files/microchip/xc32/v4.21/bin/bin/../../lib/gcc/pic32mx/8.3.1/../../../../pic32mx/lib\libpic32.a(defaultinterrupt.o)

.debug_abbrev   0x0000000000000000      0xc33
 *.elf(.debug_abbrev)
 *(.debug_abbrev)
 .debug_abbrev  0x0000000000000000       0x6f build/default/production/_ext/60165520/plib_clk.o
 .debug_abbrev  0x000000000000006f      0x178 build/default/production/_ext/1249264884/plib_coretimer.o
 .debug_abbrev  0x00000000000001e7       0xe6 build/default/production/_ext/1865200349/plib_evic.o
 .debug_abbrev  0x00000000000002cd       0xdd build/default/production/_ext/1865254177/plib_gpio.o
 .debug_abbrev  0x00000000000003aa      0x21b build/default/production/_ext/298189674/plib_spi1_master.o
 .debug_abbrev  0x00000000000005c5      0x230 build/default/production/_ext/1865657120/plib_uart1.o
 .debug_abbrev  0x00000000000007f5       0x9e build/default/production/_ext/163028504/xc32_monitor.o
 .debug_abbrev  0x0000000000000893       0x67 build/default/production/_ext/1171490990/interrupts.o
 .debug_abbrev  0x00000000000008fa       0x67 build/default/production/_ext/1171490990/exceptions.o
 .debug_abbrev  0x0000000000000961      0x101 build/default/production/_ext/1171490990/initialization.o
 .debug_abbrev  0x0000000000000a62      0x144 build/default/production/_ext/1360937237/main.o
 .debug_abbrev  0x0000000000000ba6       0x2e c:/program files/microchip/xc32/v4.21/bin/bin/../../lib/gcc/pic32mx/8.3.1/../../../../pic32mx/lib\libpic32.a(default-on-reset.o)
 .debug_abbrev  0x0000000000000bd4       0x2e c:/program files/microchip/xc32/v4.21/bin/bin/../../lib/gcc/pic32mx/8.3.1/../../../../pic32mx/lib\libpic32.a(default-on-bootstrap.o)
 .debug_abbrev  0x0000000000000c02       0x31 c:/program files/microchip/xc32/v4.21/bin/bin/../../lib/gcc/pic32mx/8.3.1/../../../../pic32mx/lib\libpic32.a(defaultinterrupt.o)

.debug_line     0x0000000000000000     0x2679
 *.elf(.debug_line)
 *(.debug_line)
 .debug_line    0x0000000000000000      0x16b build/default/production/_ext/60165520/plib_clk.o
 .debug_line    0x000000000000016b      0x287 build/default/production/_ext/1249264884/plib_coretimer.o
 .debug_line    0x00000000000003f2      0x2db build/default/production/_ext/1865200349/plib_evic.o
 .debug_line    0x00000000000006cd      0x2b4 build/default/production/_ext/1865254177/plib_gpio.o
 .debug_line    0x0000000000000981      0x95e build/default/production/_ext/298189674/plib_spi1_master.o
 .debug_line    0x00000000000012df      0x8b8 build/default/production/_ext/1865657120/plib_uart1.o
 .debug_line    0x0000000000001b97       0xe6 build/default/production/_ext/163028504/xc32_monitor.o
 .debug_line    0x0000000000001c7d       0xaa build/default/production/_ext/1171490990/interrupts.o
 .debug_line    0x0000000000001d27       0xfa build/default/production/_ext/1171490990/exceptions.o
 .debug_line    0x0000000000001e21      0x36b build/default/production/_ext/1171490990/initialization.o
 .debug_line    0x000000000000218c      0x2d4 build/default/production/_ext/1360937237/main.o
 .debug_line    0x0000000000002460       0xa6 c:/program files/microchip/xc32/v4.21/bin/bin/../../lib/gcc/pic32mx/8.3.1/../../../../pic32mx/lib\libpic32.a(default-on-reset.o)
 .debug_line    0x0000000000002506       0xaa c:/program files/microchip/xc32/v4.21/bin/bin/../../lib/gcc/pic32mx/8.3.1/../../../../pic32mx/lib\libpic32.a(default-on-bootstrap.o)
 .debug_line    0x00000000000025b0       0xc9 c:/program files/microchip/xc32/v4.21/bin/bin/../../lib/gcc/pic32mx/8.3.1/../../../../pic32mx/lib\libpic32.a(defaultinterrupt.o)

.debug_frame    0x0000000000000000      0x710
 *.elf(.debug_frame)
 *(.debug_frame)
 .debug_frame   0x0000000000000000       0x20 build/default/production/_ext/60165520/plib_clk.o
 .debug_frame   0x0000000000000020       0xf4 build/default/production/_ext/1249264884/plib_coretimer.o
 .debug_frame   0x0000000000000114       0xd4 build/default/production/_ext/1865200349/plib_evic.o
 .debug_frame   0x00000000000001e8       0xa0 build/default/production/_ext/1865254177/plib_gpio.o
 .debug_frame   0x0000000000000288       0xfc build/default/production/_ext/298189674/plib_spi1_master.o
 .debug_frame   0x0000000000000384      0x194 build/default/production/_ext/1865657120/plib_uart1.o
 .debug_frame   0x0000000000000518       0x30 build/default/production/_ext/163028504/xc32_monitor.o
 .debug_frame   0x0000000000000548       0xd0 build/default/production/_ext/1171490990/interrupts.o
 .debug_frame   0x0000000000000618       0x40 build/default/production/_ext/1171490990/exceptions.o
 .debug_frame   0x0000000000000658       0x2c build/default/production/_ext/1171490990/initialization.o
 .debug_frame   0x0000000000000684       0x2c build/default/production/_ext/1360937237/main.o
 .debug_frame   0x00000000000006b0       0x20 c:/program files/microchip/xc32/v4.21/bin/bin/../../lib/gcc/pic32mx/8.3.1/../../../../pic32mx/lib\libpic32.a(default-on-reset.o)
 .debug_frame   0x00000000000006d0       0x20 c:/program files/microchip/xc32/v4.21/bin/bin/../../lib/gcc/pic32mx/8.3.1/../../../../pic32mx/lib\libpic32.a(default-on-bootstrap.o)
 .debug_frame   0x00000000000006f0       0x20 c:/program files/microchip/xc32/v4.21/bin/bin/../../lib/gcc/pic32mx/8.3.1/../../../../pic32mx/lib\libpic32.a(defaultinterrupt.o)

.debug_str      0x0000000000000000     0x3836
 *.elf(.debug_str)
 *(.debug_str)
 .debug_str     0x0000000000000000      0x31c build/default/production/_ext/60165520/plib_clk.o
 .debug_str     0x000000000000031c      0x4df build/default/production/_ext/1249264884/plib_coretimer.o
 .debug_str     0x00000000000007fb      0x42a build/default/production/_ext/1865200349/plib_evic.o
 .debug_str     0x0000000000000c25      0x421 build/default/production/_ext/1865254177/plib_gpio.o
 .debug_str     0x0000000000001046      0x6d0 build/default/production/_ext/298189674/plib_spi1_master.o
 .debug_str     0x0000000000001716      0x6a6 build/default/production/_ext/1865657120/plib_uart1.o
 .debug_str     0x0000000000001dbc      0x299 build/default/production/_ext/163028504/xc32_monitor.o
 .debug_str     0x0000000000002055      0x32b build/default/production/_ext/1171490990/interrupts.o
 .debug_str     0x0000000000002380      0x341 build/default/production/_ext/1171490990/exceptions.o
 .debug_str     0x00000000000026c1      0x3d0 build/default/production/_ext/1171490990/initialization.o
 .debug_str     0x0000000000002a91      0x39c build/default/production/_ext/1360937237/main.o
 .debug_str     0x0000000000002e2d      0x34d c:/program files/microchip/xc32/v4.21/bin/bin/../../lib/gcc/pic32mx/8.3.1/../../../../pic32mx/lib\libpic32.a(default-on-reset.o)
 .debug_str     0x000000000000317a      0x355 c:/program files/microchip/xc32/v4.21/bin/bin/../../lib/gcc/pic32mx/8.3.1/../../../../pic32mx/lib\libpic32.a(default-on-bootstrap.o)
 .debug_str     0x00000000000034cf      0x367 c:/program files/microchip/xc32/v4.21/bin/bin/../../lib/gcc/pic32mx/8.3.1/../../../../pic32mx/lib\libpic32.a(defaultinterrupt.o)

.debug_loc      0x0000000000000000      0xbbd
 *.elf(.debug_loc)
 *(.debug_loc)
 .debug_loc     0x0000000000000000       0xc9 build/default/production/_ext/1249264884/plib_coretimer.o
 .debug_loc     0x00000000000000c9       0xef build/default/production/_ext/1865200349/plib_evic.o
 .debug_loc     0x00000000000001b8      0x172 build/default/production/_ext/1865254177/plib_gpio.o
 .debug_loc     0x000000000000032a      0x3fa build/default/production/_ext/298189674/plib_spi1_master.o
 .debug_loc     0x0000000000000724      0x474 build/default/production/_ext/1865657120/plib_uart1.o
 .debug_loc     0x0000000000000b98       0x25 build/default/production/_ext/1171490990/initialization.o

.debug_macinfo
 *.elf(.debug_macinfo)
 *(.debug_macinfo)

.debug_weaknames
 *.elf(.debug_weaknames)
 *(.debug_weaknames)

.debug_funcnames
 *.elf(.debug_funcnames)
 *(.debug_funcnames)

.debug_typenames
 *.elf(.debug_typenames)
 *(.debug_typenames)

.debug_varnames
 *.elf(.debug_varnames)
 *(.debug_varnames)

.debug_pubtypes
 *.elf(.debug_pubtypes)
 *(.debug_pubtypes)

.debug_ranges   0x0000000000000000      0x370
 *.elf(.debug_ranges)
 *(.debug_ranges)
 .debug_ranges  0x0000000000000000       0x10 build/default/production/_ext/60165520/plib_clk.o
 .debug_ranges  0x0000000000000010       0x50 build/default/production/_ext/1249264884/plib_coretimer.o
 .debug_ranges  0x0000000000000060       0x58 build/default/production/_ext/1865200349/plib_evic.o
 .debug_ranges  0x00000000000000b8       0x50 build/default/production/_ext/1865254177/plib_gpio.o
 .debug_ranges  0x0000000000000108       0xd0 build/default/production/_ext/298189674/plib_spi1_master.o
 .debug_ranges  0x00000000000001d8      0x100 build/default/production/_ext/1865657120/plib_uart1.o
 .debug_ranges  0x00000000000002d8       0x18 build/default/production/_ext/163028504/xc32_monitor.o
 .debug_ranges  0x00000000000002f0       0x18 build/default/production/_ext/1171490990/interrupts.o
 .debug_ranges  0x0000000000000308       0x18 build/default/production/_ext/1171490990/exceptions.o
 .debug_ranges  0x0000000000000320       0x10 build/default/production/_ext/1171490990/initialization.o
 .debug_ranges  0x0000000000000330       0x10 build/default/production/_ext/1360937237/main.o
 .debug_ranges  0x0000000000000340       0x10 c:/program files/microchip/xc32/v4.21/bin/bin/../../lib/gcc/pic32mx/8.3.1/../../../../pic32mx/lib\libpic32.a(default-on-reset.o)
 .debug_ranges  0x0000000000000350       0x10 c:/program files/microchip/xc32/v4.21/bin/bin/../../lib/gcc/pic32mx/8.3.1/../../../../pic32mx/lib\libpic32.a(default-on-bootstrap.o)
 .debug_ranges  0x0000000000000360       0x10 c:/program files/microchip/xc32/v4.21/bin/bin/../../lib/gcc/pic32mx/8.3.1/../../../../pic32mx/lib\libpic32.a(defaultinterrupt.o)

.gnu.attributes
                0x0000000000000000       0x10
 *(.gnu.attributes)
 .gnu.attributes
                0x0000000000000000       0x10 c:/program files/microchip/xc32/v4.21/bin/bin/../../lib/gcc/pic32mx/8.3.1/../../../../pic32mx/lib\debug-exception-return.o
 .gnu.attributes
                0x0000000000000010       0x10 build/default/production/_ext/60165520/plib_clk.o
 .gnu.attributes
                0x0000000000000020       0x10 build/default/production/_ext/1249264884/plib_coretimer.o
 .gnu.attributes
                0x0000000000000030       0x10 build/default/production/_ext/1865200349/plib_evic.o
 .gnu.attributes
                0x0000000000000040       0x10 build/default/production/_ext/1865254177/plib_gpio.o
 .gnu.attributes
                0x0000000000000050       0x10 build/default/production/_ext/298189674/plib_spi1_master.o
 .gnu.attributes
                0x0000000000000060       0x10 build/default/production/_ext/1865657120/plib_uart1.o
 .gnu.attributes
                0x0000000000000070       0x10 build/default/production/_ext/163028504/xc32_monitor.o
 .gnu.attributes
                0x0000000000000080       0x10 build/default/production/_ext/1171490990/interrupts.o
 .gnu.attributes
                0x0000000000000090       0x10 build/default/production/_ext/1171490990/exceptions.o
 .gnu.attributes
                0x00000000000000a0       0x10 build/default/production/_ext/1171490990/initialization.o
 .gnu.attributes
                0x00000000000000b0       0x10 build/default/production/_ext/1360937237/main.o
 .gnu.attributes
                0x00000000000000c0       0x10 C:\Users\hp\AppData\Local\Temp\ccSLtdLD.o
 .gnu.attributes
                0x00000000000000d0       0x10 C:\Users\hp\AppData\Local\Temp\ccFpqzvg.o
 .gnu.attributes
                0x00000000000000e0       0x10 C:\Users\hp\AppData\Local\Temp\ccMDgPja.o
 .gnu.attributes
                0x00000000000000f0       0x10 c:/program files/microchip/xc32/v4.21/bin/bin/../../lib/gcc/pic32mx/8.3.1/../../../../pic32mx/lib\pic32_software_reset.o
 .gnu.attributes
                0x0000000000000100       0x10 c:/program files/microchip/xc32/v4.21/bin/bin/../../lib/gcc/pic32mx/8.3.1/../../../../pic32mx/lib\libpic32.a(default-on-reset.o)
 .gnu.attributes
                0x0000000000000110       0x10 c:/program files/microchip/xc32/v4.21/bin/bin/../../lib/gcc/pic32mx/8.3.1/../../../../pic32mx/lib\libpic32.a(default-on-bootstrap.o)
 .gnu.attributes
                0x0000000000000120       0x10 c:/program files/microchip/xc32/v4.21/bin/bin/../../lib/gcc/pic32mx/8.3.1/../../../../pic32mx/lib\libpic32.a(default-nmi-handler.o)
 .gnu.attributes
                0x0000000000000130       0x10 c:/program files/microchip/xc32/v4.21/bin/bin/../../lib/gcc/pic32mx/8.3.1/../../../../pic32mx/lib\libpic32.a(pic32_data_init_wrapper.o)
 .gnu.attributes
                0x0000000000000140       0x10 c:/program files/microchip/xc32/v4.21/bin/bin/../../lib/gcc/pic32mx/8.3.1/../../../../pic32mx/lib\libpic32.a(pic32_data_init_0_1.o)
 .gnu.attributes
                0x0000000000000150       0x10 c:/program files/microchip/xc32/v4.21/bin/bin/../../lib/gcc/pic32mx/8.3.1/../../../../pic32mx/lib\libpic32.a(general-exception.o)
 .gnu.attributes
                0x0000000000000160       0x10 c:/program files/microchip/xc32/v4.21/bin/bin/../../lib/gcc/pic32mx/8.3.1/../../../../pic32mx/lib\libpic32.a(vector0.o)
 .gnu.attributes
                0x0000000000000170       0x10 c:/program files/microchip/xc32/v4.21/bin/bin/../../lib/gcc/pic32mx/8.3.1/../../../../pic32mx/lib\libpic32.a(vector1.o)
 .gnu.attributes
                0x0000000000000180       0x10 c:/program files/microchip/xc32/v4.21/bin/bin/../../lib/gcc/pic32mx/8.3.1/../../../../pic32mx/lib\libpic32.a(vector2.o)
 .gnu.attributes
                0x0000000000000190       0x10 c:/program files/microchip/xc32/v4.21/bin/bin/../../lib/gcc/pic32mx/8.3.1/../../../../pic32mx/lib\libpic32.a(vector3.o)
 .gnu.attributes
                0x00000000000001a0       0x10 c:/program files/microchip/xc32/v4.21/bin/bin/../../lib/gcc/pic32mx/8.3.1/../../../../pic32mx/lib\libpic32.a(vector4.o)
 .gnu.attributes
                0x00000000000001b0       0x10 c:/program files/microchip/xc32/v4.21/bin/bin/../../lib/gcc/pic32mx/8.3.1/../../../../pic32mx/lib\libpic32.a(vector5.o)
 .gnu.attributes
                0x00000000000001c0       0x10 c:/program files/microchip/xc32/v4.21/bin/bin/../../lib/gcc/pic32mx/8.3.1/../../../../pic32mx/lib\libpic32.a(vector6.o)
 .gnu.attributes
                0x00000000000001d0       0x10 c:/program files/microchip/xc32/v4.21/bin/bin/../../lib/gcc/pic32mx/8.3.1/../../../../pic32mx/lib\libpic32.a(vector7.o)
 .gnu.attributes
                0x00000000000001e0       0x10 c:/program files/microchip/xc32/v4.21/bin/bin/../../lib/gcc/pic32mx/8.3.1/../../../../pic32mx/lib\libpic32.a(vector8.o)
 .gnu.attributes
                0x00000000000001f0       0x10 c:/program files/microchip/xc32/v4.21/bin/bin/../../lib/gcc/pic32mx/8.3.1/../../../../pic32mx/lib\libpic32.a(vector9.o)
 .gnu.attributes
                0x0000000000000200       0x10 c:/program files/microchip/xc32/v4.21/bin/bin/../../lib/gcc/pic32mx/8.3.1/../../../../pic32mx/lib\libpic32.a(vector10.o)
 .gnu.attributes
                0x0000000000000210       0x10 c:/program files/microchip/xc32/v4.21/bin/bin/../../lib/gcc/pic32mx/8.3.1/../../../../pic32mx/lib\libpic32.a(vector11.o)
 .gnu.attributes
                0x0000000000000220       0x10 c:/program files/microchip/xc32/v4.21/bin/bin/../../lib/gcc/pic32mx/8.3.1/../../../../pic32mx/lib\libpic32.a(vector12.o)
 .gnu.attributes
                0x0000000000000230       0x10 c:/program files/microchip/xc32/v4.21/bin/bin/../../lib/gcc/pic32mx/8.3.1/../../../../pic32mx/lib\libpic32.a(vector13.o)
 .gnu.attributes
                0x0000000000000240       0x10 c:/program files/microchip/xc32/v4.21/bin/bin/../../lib/gcc/pic32mx/8.3.1/../../../../pic32mx/lib\libpic32.a(vector14.o)
 .gnu.attributes
                0x0000000000000250       0x10 c:/program files/microchip/xc32/v4.21/bin/bin/../../lib/gcc/pic32mx/8.3.1/../../../../pic32mx/lib\libpic32.a(vector15.o)
 .gnu.attributes
                0x0000000000000260       0x10 c:/program files/microchip/xc32/v4.21/bin/bin/../../lib/gcc/pic32mx/8.3.1/../../../../pic32mx/lib\libpic32.a(vector16.o)
 .gnu.attributes
                0x0000000000000270       0x10 c:/program files/microchip/xc32/v4.21/bin/bin/../../lib/gcc/pic32mx/8.3.1/../../../../pic32mx/lib\libpic32.a(vector17.o)
 .gnu.attributes
                0x0000000000000280       0x10 c:/program files/microchip/xc32/v4.21/bin/bin/../../lib/gcc/pic32mx/8.3.1/../../../../pic32mx/lib\libpic32.a(vector18.o)
 .gnu.attributes
                0x0000000000000290       0x10 c:/program files/microchip/xc32/v4.21/bin/bin/../../lib/gcc/pic32mx/8.3.1/../../../../pic32mx/lib\libpic32.a(vector19.o)
 .gnu.attributes
                0x00000000000002a0       0x10 c:/program files/microchip/xc32/v4.21/bin/bin/../../lib/gcc/pic32mx/8.3.1/../../../../pic32mx/lib\libpic32.a(vector20.o)
 .gnu.attributes
                0x00000000000002b0       0x10 c:/program files/microchip/xc32/v4.21/bin/bin/../../lib/gcc/pic32mx/8.3.1/../../../../pic32mx/lib\libpic32.a(vector21.o)
 .gnu.attributes
                0x00000000000002c0       0x10 c:/program files/microchip/xc32/v4.21/bin/bin/../../lib/gcc/pic32mx/8.3.1/../../../../pic32mx/lib\libpic32.a(vector22.o)
 .gnu.attributes
                0x00000000000002d0       0x10 c:/program files/microchip/xc32/v4.21/bin/bin/../../lib/gcc/pic32mx/8.3.1/../../../../pic32mx/lib\libpic32.a(vector23.o)
 .gnu.attributes
                0x00000000000002e0       0x10 c:/program files/microchip/xc32/v4.21/bin/bin/../../lib/gcc/pic32mx/8.3.1/../../../../pic32mx/lib\libpic32.a(vector24.o)
 .gnu.attributes
                0x00000000000002f0       0x10 c:/program files/microchip/xc32/v4.21/bin/bin/../../lib/gcc/pic32mx/8.3.1/../../../../pic32mx/lib\libpic32.a(vector25.o)
 .gnu.attributes
                0x0000000000000300       0x10 c:/program files/microchip/xc32/v4.21/bin/bin/../../lib/gcc/pic32mx/8.3.1/../../../../pic32mx/lib\libpic32.a(vector26.o)
 .gnu.attributes
                0x0000000000000310       0x10 c:/program files/microchip/xc32/v4.21/bin/bin/../../lib/gcc/pic32mx/8.3.1/../../../../pic32mx/lib\libpic32.a(vector27.o)
 .gnu.attributes
                0x0000000000000320       0x10 c:/program files/microchip/xc32/v4.21/bin/bin/../../lib/gcc/pic32mx/8.3.1/../../../../pic32mx/lib\libpic32.a(vector28.o)
 .gnu.attributes
                0x0000000000000330       0x10 c:/program files/microchip/xc32/v4.21/bin/bin/../../lib/gcc/pic32mx/8.3.1/../../../../pic32mx/lib\libpic32.a(vector29.o)
 .gnu.attributes
                0x0000000000000340       0x10 c:/program files/microchip/xc32/v4.21/bin/bin/../../lib/gcc/pic32mx/8.3.1/../../../../pic32mx/lib\libpic32.a(vector30.o)
 .gnu.attributes
                0x0000000000000350       0x10 c:/program files/microchip/xc32/v4.21/bin/bin/../../lib/gcc/pic32mx/8.3.1/../../../../pic32mx/lib\libpic32.a(vector33.o)
 .gnu.attributes
                0x0000000000000360       0x10 c:/program files/microchip/xc32/v4.21/bin/bin/../../lib/gcc/pic32mx/8.3.1/../../../../pic32mx/lib\libpic32.a(vector34.o)
 .gnu.attributes
                0x0000000000000370       0x10 c:/program files/microchip/xc32/v4.21/bin/bin/../../lib/gcc/pic32mx/8.3.1/../../../../pic32mx/lib\libpic32.a(vector35.o)
 .gnu.attributes
                0x0000000000000380       0x10 c:/program files/microchip/xc32/v4.21/bin/bin/../../lib/gcc/pic32mx/8.3.1/../../../../pic32mx/lib\libpic32.a(vector36.o)
 .gnu.attributes
                0x0000000000000390       0x10 c:/program files/microchip/xc32/v4.21/bin/bin/../../lib/gcc/pic32mx/8.3.1/../../../../pic32mx/lib\libpic32.a(vector37.o)
 .gnu.attributes
                0x00000000000003a0       0x10 c:/program files/microchip/xc32/v4.21/bin/bin/../../lib/gcc/pic32mx/8.3.1/../../../../pic32mx/lib\libpic32.a(vector38.o)
 .gnu.attributes
                0x00000000000003b0       0x10 c:/program files/microchip/xc32/v4.21/bin/bin/../../lib/gcc/pic32mx/8.3.1/../../../../pic32mx/lib\libpic32.a(vector39.o)
 .gnu.attributes
                0x00000000000003c0       0x10 c:/program files/microchip/xc32/v4.21/bin/bin/../../lib/gcc/pic32mx/8.3.1/../../../../pic32mx/lib\libpic32.a(vector40.o)
 .gnu.attributes
                0x00000000000003d0       0x10 c:/program files/microchip/xc32/v4.21/bin/bin/../../lib/gcc/pic32mx/8.3.1/../../../../pic32mx/lib\libpic32.a(vector41.o)
 .gnu.attributes
                0x00000000000003e0       0x10 c:/program files/microchip/xc32/v4.21/bin/bin/../../lib/gcc/pic32mx/8.3.1/../../../../pic32mx/lib\libpic32.a(vector42.o)
 .gnu.attributes
                0x00000000000003f0       0x10 c:/program files/microchip/xc32/v4.21/bin/bin/../../lib/gcc/pic32mx/8.3.1/../../../../pic32mx/lib\libpic32.a(vector43.o)
 .gnu.attributes
                0x0000000000000400       0x10 c:/program files/microchip/xc32/v4.21/bin/bin/../../lib/gcc/pic32mx/8.3.1/../../../../pic32mx/lib\libpic32.a(defaultinterrupt.o)
                0x0000000000000200                _min_heap_size = 0x200
LOAD C:\Users\hp\AppData\Local\Temp\ccSLtdLD.o
LOAD C:\Users\hp\AppData\Local\Temp\ccFpqzvg.o
LOAD C:\Users\hp\AppData\Local\Temp\ccMDgPja.o
LOAD c:/program files/microchip/xc32/v4.21/bin/bin/../../lib/gcc/pic32mx/8.3.1/../../../../pic32mx/lib\pic32_software_reset.o
LOAD c:/program files/microchip/xc32/v4.21/bin/bin/../../lib/gcc/pic32mx/8.3.1\libgcc.a
START GROUP
LOAD c:/program files/microchip/xc32/v4.21/bin/bin/../../lib/gcc/pic32mx/8.3.1/../../../../pic32mx/lib\libpic32.a
LOAD c:/program files/microchip/xc32/v4.21/bin/bin/../../lib/gcc/pic32mx/8.3.1/../../../../pic32mx/lib\libdebug.a
LOAD c:/program files/microchip/xc32/v4.21/bin/bin/../../lib/gcc/pic32mx/8.3.1/../../../../pic32mx/lib\libc-musl.a
LOAD c:/program files/microchip/xc32/v4.21/bin/bin/../../lib/gcc/pic32mx/8.3.1/../../../../pic32mx/lib\libm.a
LOAD c:/program files/microchip/xc32/v4.21/bin/bin/../../lib/gcc/pic32mx/8.3.1/../../../../pic32mx/lib\libe.a
LOAD c:/program files/microchip/xc32/v4.21/bin/bin/../../lib/gcc/pic32mx/8.3.1/../../../../pic32mx/lib\libm-musl.a
LOAD c:/program files/microchip/xc32/v4.21/bin/bin/../../lib/gcc/pic32mx/8.3.1/../../../../pic32mx/lib\libdsp.a
LOAD c:/program files/microchip/xc32/v4.21/bin/bin/../../lib/gcc/pic32mx/8.3.1\libgcc.a
END GROUP
LOAD c:/program files/microchip/xc32/v4.21/bin/bin/../../lib/gcc/pic32mx/8.3.1\libgcc.a
OUTPUT(dist/default/production/HarmonyTest.X.production.elf elf32-tradlittlemips)
LOAD stack
LOAD data_init

.reginfo        0x0000000000000000       0x18
 .reginfo       0x0000000000000000       0x18 c:/program files/microchip/xc32/v4.21/bin/bin/../../lib/gcc/pic32mx/8.3.1/../../../../pic32mx/lib\debug-exception-return.o

.stack          0x00000000a0000280      0x400
 .stack         0x00000000a0000280      0x400 stack

.bss.uart1Obj   0x00000000a0000004       0x34
 .bss.uart1Obj  0x00000000a0000004       0x34 build/default/production/_ext/1865657120/plib_uart1.o

.bss.spi1Obj    0x00000000a0000038       0x28
 .bss.spi1Obj   0x00000000a0000038       0x28 build/default/production/_ext/298189674/plib_spi1_master.o

._debug_exception
                0x00000000bfc00480       0x2c
 ._debug_exception
                0x00000000bfc00480       0x2c c:/program files/microchip/xc32/v4.21/bin/bin/../../lib/gcc/pic32mx/8.3.1/../../../../pic32mx/lib\debug-exception-return.o
                0x00000000bfc00480                __DbgExecReturn

.config_BFC00BF0.__config_BFC00BF0
                0x00000000bfc00bf0        0x4
 .config_BFC00BF0.__config_BFC00BF0
                0x00000000bfc00bf0        0x4 build/default/production/_ext/1171490990/initialization.o
                0x00000000bfc00bf0                __config_BFC00BF0

.config_BFC00BF4.__config_BFC00BF4
                0x00000000bfc00bf4        0x4
 .config_BFC00BF4.__config_BFC00BF4
                0x00000000bfc00bf4        0x4 build/default/production/_ext/1171490990/initialization.o
                0x00000000bfc00bf4                __config_BFC00BF4

.config_BFC00BF8.__config_BFC00BF8
                0x00000000bfc00bf8        0x4
 .config_BFC00BF8.__config_BFC00BF8
                0x00000000bfc00bf8        0x4 build/default/production/_ext/1171490990/initialization.o
                0x00000000bfc00bf8                __config_BFC00BF8

.config_BFC00BFC.__config_BFC00BFC
                0x00000000bfc00bfc        0x4
 .config_BFC00BFC.__config_BFC00BFC
                0x00000000bfc00bfc        0x4 build/default/production/_ext/1171490990/initialization.o
                0x00000000bfc00bfc                __config_BFC00BFC

.text.SPI1_WriteRead
                0x000000009d000000      0x368
 .text.SPI1_WriteRead
                0x000000009d000000      0x368 build/default/production/_ext/298189674/plib_spi1_master.o
                0x000000009d000000                SPI1_WriteRead

.text.SPI1_RX_InterruptHandler
                0x000000009d000368      0x304
 .text.SPI1_RX_InterruptHandler
                0x000000009d000368      0x304 build/default/production/_ext/298189674/plib_spi1_master.o

.text.main      0x000000009d00066c      0x164
 .text.main     0x000000009d00066c      0x164 build/default/production/_ext/1360937237/main.o
                0x000000009d00066c                main

.text.SPI1_TX_InterruptHandler
                0x000000009d0007d0      0x15c
 .text.SPI1_TX_InterruptHandler
                0x000000009d0007d0      0x15c build/default/production/_ext/298189674/plib_spi1_master.o

.text.UART1_TX_InterruptHandler
                0x000000009d00092c      0x12c
 .text.UART1_TX_InterruptHandler
                0x000000009d00092c      0x12c build/default/production/_ext/1865657120/plib_uart1.o

.text.UART1_RX_InterruptHandler
                0x000000009d000a58      0x128
 .text.UART1_RX_InterruptHandler
                0x000000009d000a58      0x128 build/default/production/_ext/1865657120/plib_uart1.o

.text.SPI_1_Handler
                0x000000009d000b80      0x120
 .text.SPI_1_Handler
                0x000000009d000b80      0x120 build/default/production/_ext/1171490990/interrupts.o
                0x000000009d000b80                SPI_1_Handler

.text.UART_1_Handler
                0x000000009d000ca0      0x120
 .text.UART_1_Handler
                0x000000009d000ca0      0x120 build/default/production/_ext/1171490990/interrupts.o
                0x000000009d000ca0                UART_1_Handler

.text.general_exception
                0x000000009d000dc0       0xdc
 .text.general_exception
                0x000000009d000dc0       0xdc c:/program files/microchip/xc32/v4.21/bin/bin/../../lib/gcc/pic32mx/8.3.1/../../../../pic32mx/lib\libpic32.a(general-exception.o)
                0x000000009d000dc0                _general_exception_context

.text.UART1_Write
                0x000000009d000e9c       0xd8
 .text.UART1_Write
                0x000000009d000e9c       0xd8 build/default/production/_ext/1865657120/plib_uart1.o
                0x000000009d000e9c                UART1_Write

.text.UART_1_InterruptHandler
                0x000000009d000f74       0x98
 .text.UART_1_InterruptHandler
                0x000000009d000f74       0x98 build/default/production/_ext/1865657120/plib_uart1.o
                0x000000009d000f74                UART_1_InterruptHandler

.text.SPI1_Initialize
                0x000000009d00100c       0x88
 .text.SPI1_Initialize
                0x000000009d00100c       0x88 build/default/production/_ext/298189674/plib_spi1_master.o
                0x000000009d00100c                SPI1_Initialize

.text.UART1_Initialize
                0x000000009d001094       0x88
 .text.UART1_Initialize
                0x000000009d001094       0x88 build/default/production/_ext/1865657120/plib_uart1.o
                0x000000009d001094                UART1_Initialize

.text.dinit.startup
                0x000000009d00111c       0x80
 .text.dinit.startup
                0x000000009d00111c       0x80 c:/program files/microchip/xc32/v4.21/bin/bin/../../lib/gcc/pic32mx/8.3.1/../../../../pic32mx/lib\libpic32.a(pic32_data_init_0_1.o)
                0x000000009d00111c                __copy_needed
                0x000000009d00111c                __pic32_data_init_impl

.text.UART1_ErrorClear
                0x000000009d00119c       0x74
 .text.UART1_ErrorClear
                0x000000009d00119c       0x74 build/default/production/_ext/1865657120/plib_uart1.o

.text.SYS_Initialize
                0x000000009d001210       0x74
 .text.SYS_Initialize
                0x000000009d001210       0x74 build/default/production/_ext/1171490990/initialization.o
                0x000000009d001210                SYS_Initialize

.text.UART1_FAULT_InterruptHandler
                0x000000009d001284       0x70
 .text.UART1_FAULT_InterruptHandler
                0x000000009d001284       0x70 build/default/production/_ext/1865657120/plib_uart1.o

.text.GPIO_Initialize
                0x000000009d0012f4       0x6c
 .text.GPIO_Initialize
                0x000000009d0012f4       0x6c build/default/production/_ext/1865254177/plib_gpio.o
                0x000000009d0012f4                GPIO_Initialize

.text.SPI_1_InterruptHandler
                0x000000009d001360       0x6c
 .text.SPI_1_InterruptHandler
                0x000000009d001360       0x6c build/default/production/_ext/298189674/plib_spi1_master.o
                0x000000009d001360                SPI_1_InterruptHandler

.text.CLK_Initialize
                0x000000009d0013cc       0x5c
 .text.CLK_Initialize
                0x000000009d0013cc       0x5c build/default/production/_ext/60165520/plib_clk.o
                0x000000009d0013cc                CLK_Initialize

.text.main_entry
                0x000000009d001428       0x54
 .text.main_entry
                0x000000009d001428       0x54 C:\Users\hp\AppData\Local\Temp\ccSLtdLD.o
                0x000000009d00145c                __crt0_exit

.vector_default
                0x000000009d00147c       0x48
 .vector_default
                0x000000009d00147c       0x48 c:/program files/microchip/xc32/v4.21/bin/bin/../../lib/gcc/pic32mx/8.3.1/../../../../pic32mx/lib\libpic32.a(defaultinterrupt.o)
                0x000000009d00147c                _DefaultInterrupt

.text           0x000000009d0014c4       0x44
 .text          0x000000009d0014c4       0x44 c:/program files/microchip/xc32/v4.21/bin/bin/../../lib/gcc/pic32mx/8.3.1/../../../../pic32mx/lib\pic32_software_reset.o
                0x000000009d0014c4                __pic32_software_reset

.text.CORETIMER_Initialize
                0x000000009d001508       0x3c
 .text.CORETIMER_Initialize
                0x000000009d001508       0x3c build/default/production/_ext/1249264884/plib_coretimer.o
                0x000000009d001508                CORETIMER_Initialize

.text.CORETIMER_DelayMs
                0x000000009d001544       0x3c
 .text.CORETIMER_DelayMs
                0x000000009d001544       0x3c build/default/production/_ext/1249264884/plib_coretimer.o
                0x000000009d001544                CORETIMER_DelayMs

.dinit          0x000000009d001580       0x30
 .dinit         0x000000009d001580       0x30 data_init

.text.CORETIMER_DelayUs
                0x000000009d0015b0       0x2c
 .text.CORETIMER_DelayUs
                0x000000009d0015b0       0x2c build/default/production/_ext/1249264884/plib_coretimer.o
                0x000000009d0015b0                CORETIMER_DelayUs

.text.EVIC_Initialize
                0x000000009d0015dc       0x2c
 .text.EVIC_Initialize
                0x000000009d0015dc       0x2c build/default/production/_ext/1865200349/plib_evic.o
                0x000000009d0015dc                EVIC_Initialize

.text.SPI1_Write
                0x000000009d001608       0x20
 .text.SPI1_Write
                0x000000009d001608       0x20 build/default/production/_ext/298189674/plib_spi1_master.o
                0x000000009d001608                SPI1_Write

.text.dinit.startup
                0x000000009d001628       0x20
 .text.dinit.startup
                0x000000009d001628       0x20 c:/program files/microchip/xc32/v4.21/bin/bin/../../lib/gcc/pic32mx/8.3.1/../../../../pic32mx/lib\libpic32.a(pic32_data_init_wrapper.o)
                0x000000009d001628                __pic32_data_init

.MIPS.abiflags  0x000000009d001648       0x18
 .MIPS.abiflags
                0x000000009d001648       0x18 c:/program files/microchip/xc32/v4.21/bin/bin/../../lib/gcc/pic32mx/8.3.1/../../../../pic32mx/lib\debug-exception-return.o

.text._general_exception_handler
                0x000000009d001660       0x18
 .text._general_exception_handler
                0x000000009d001660       0x18 build/default/production/_ext/1171490990/exceptions.o
                0x000000009d001660                _general_exception_handler

.text._bootstrap_exception_handler
                0x000000009d001678       0x18
 .text._bootstrap_exception_handler
                0x000000009d001678       0x18 build/default/production/_ext/1171490990/exceptions.o
                0x000000009d001678                _bootstrap_exception_handler

.rodata         0x000000009d001690       0x18
 .rodata        0x000000009d001690       0x18 build/default/production/_ext/1360937237/main.o

.text           0x000000009d0016a8       0x18
 .text          0x000000009d0016a8       0x18 c:/program files/microchip/xc32/v4.21/bin/bin/../../lib/gcc/pic32mx/8.3.1/../../../../pic32mx/lib\libpic32.a(default-nmi-handler.o)
                0x000000009d0016a8                _nmi_handler

.text._on_reset
                0x000000009d0016c0        0x8
 .text._on_reset
                0x000000009d0016c0        0x8 c:/program files/microchip/xc32/v4.21/bin/bin/../../lib/gcc/pic32mx/8.3.1/../../../../pic32mx/lib\libpic32.a(default-on-reset.o)
                0x000000009d0016c0                _on_reset

.text._on_bootstrap
                0x000000009d0016c8        0x8
 .text._on_bootstrap
                0x000000009d0016c8        0x8 c:/program files/microchip/xc32/v4.21/bin/bin/../../lib/gcc/pic32mx/8.3.1/../../../../pic32mx/lib\libpic32.a(default-on-bootstrap.o)
                0x000000009d0016c8                _on_bootstrap
